Archive member included because of file (symbol)

C:\codework\Atmel Studio\arduinoCore\libcore.a(WInterrupts.c.o)
                              Nordic_BLE/hal_aci_tl.o (attachInterrupt)
C:\codework\Atmel Studio\arduinoCore\libcore.a(wiring.c.o)
                              Nordic_BLE/hal_aci_tl.o (delay)
C:\codework\Atmel Studio\arduinoCore\libcore.a(wiring_digital.c.o)
                              Nordic_BLE/hal_aci_tl.o (pinMode)
C:\codework\Atmel Studio\arduinoCore\libcore.a(HardwareSerial.cpp.o)
                              Nordic_BLE/hal_aci_tl.o (Serial)
C:\codework\Atmel Studio\arduinoCore\libcore.a(main.cpp.o)
                              c:/program files (x86)/atmel/atmel toolchain/avr8 gcc/native/3.4.2.1002/avr8-gnu-toolchain/bin/../lib/gcc/avr/4.7.2/../../../../avr/lib/avr5/crtm328p.o (main)
C:\codework\Atmel Studio\arduinoCore\libcore.a(new.cpp.o)
                              C:\codework\Atmel Studio\arduinoCore\libcore.a(HardwareSerial.cpp.o) (__cxa_pure_virtual)
C:\codework\Atmel Studio\arduinoCore\libcore.a(Print.cpp.o)
                              C:\codework\Atmel Studio\arduinoCore\libcore.a(HardwareSerial.cpp.o) (_ZN5Print5writeEPKhj)
C:\codework\Atmel Studio\arduinoCore\libcore.a(WString.cpp.o)
                              C:\codework\Atmel Studio\arduinoCore\libcore.a(Print.cpp.o) (_ZNK6StringixEj)
C:\codework\Atmel Studio\arduinoCore\libcore.a(malloc.c.o)
                              C:\codework\Atmel Studio\arduinoCore\libcore.a(new.cpp.o) (malloc)
C:\codework\Atmel Studio\arduinoCore\libcore.a(realloc.c.o)
                              C:\codework\Atmel Studio\arduinoCore\libcore.a(WString.cpp.o) (realloc)
c:/program files (x86)/atmel/atmel toolchain/avr8 gcc/native/3.4.2.1002/avr8-gnu-toolchain/bin/../lib/gcc/avr/4.7.2/../../../../avr/lib/avr5\libm.a(addsf3.o)
                              C:\codework\Atmel Studio\arduinoCore\libcore.a(Print.cpp.o) (__subsf3)
c:/program files (x86)/atmel/atmel toolchain/avr8 gcc/native/3.4.2.1002/avr8-gnu-toolchain/bin/../lib/gcc/avr/4.7.2/../../../../avr/lib/avr5\libm.a(addsf3x.o)
                              c:/program files (x86)/atmel/atmel toolchain/avr8 gcc/native/3.4.2.1002/avr8-gnu-toolchain/bin/../lib/gcc/avr/4.7.2/../../../../avr/lib/avr5\libm.a(addsf3.o) (__addsf3x)
c:/program files (x86)/atmel/atmel toolchain/avr8 gcc/native/3.4.2.1002/avr8-gnu-toolchain/bin/../lib/gcc/avr/4.7.2/../../../../avr/lib/avr5\libm.a(cmpsf2.o)
                              C:\codework\Atmel Studio\arduinoCore\libcore.a(Print.cpp.o) (__ltsf2)
c:/program files (x86)/atmel/atmel toolchain/avr8 gcc/native/3.4.2.1002/avr8-gnu-toolchain/bin/../lib/gcc/avr/4.7.2/../../../../avr/lib/avr5\libm.a(divsf3.o)
                              C:\codework\Atmel Studio\arduinoCore\libcore.a(Print.cpp.o) (__divsf3)
c:/program files (x86)/atmel/atmel toolchain/avr8 gcc/native/3.4.2.1002/avr8-gnu-toolchain/bin/../lib/gcc/avr/4.7.2/../../../../avr/lib/avr5\libm.a(divsf3x.o)
                              c:/program files (x86)/atmel/atmel toolchain/avr8 gcc/native/3.4.2.1002/avr8-gnu-toolchain/bin/../lib/gcc/avr/4.7.2/../../../../avr/lib/avr5\libm.a(divsf3.o) (__divsf3x)
c:/program files (x86)/atmel/atmel toolchain/avr8 gcc/native/3.4.2.1002/avr8-gnu-toolchain/bin/../lib/gcc/avr/4.7.2/../../../../avr/lib/avr5\libm.a(fixsfsi.o)
                              C:\codework\Atmel Studio\arduinoCore\libcore.a(Print.cpp.o) (__fixsfsi)
c:/program files (x86)/atmel/atmel toolchain/avr8 gcc/native/3.4.2.1002/avr8-gnu-toolchain/bin/../lib/gcc/avr/4.7.2/../../../../avr/lib/avr5\libm.a(fixunssfsi.o)
                              C:\codework\Atmel Studio\arduinoCore\libcore.a(Print.cpp.o) (__fixunssfsi)
c:/program files (x86)/atmel/atmel toolchain/avr8 gcc/native/3.4.2.1002/avr8-gnu-toolchain/bin/../lib/gcc/avr/4.7.2/../../../../avr/lib/avr5\libm.a(floatsisf.o)
                              C:\codework\Atmel Studio\arduinoCore\libcore.a(Print.cpp.o) (__floatunsisf)
c:/program files (x86)/atmel/atmel toolchain/avr8 gcc/native/3.4.2.1002/avr8-gnu-toolchain/bin/../lib/gcc/avr/4.7.2/../../../../avr/lib/avr5\libm.a(fp_cmp.o)
                              c:/program files (x86)/atmel/atmel toolchain/avr8 gcc/native/3.4.2.1002/avr8-gnu-toolchain/bin/../lib/gcc/avr/4.7.2/../../../../avr/lib/avr5\libm.a(cmpsf2.o) (__fp_cmp)
c:/program files (x86)/atmel/atmel toolchain/avr8 gcc/native/3.4.2.1002/avr8-gnu-toolchain/bin/../lib/gcc/avr/4.7.2/../../../../avr/lib/avr5\libm.a(fp_inf.o)
                              c:/program files (x86)/atmel/atmel toolchain/avr8 gcc/native/3.4.2.1002/avr8-gnu-toolchain/bin/../lib/gcc/avr/4.7.2/../../../../avr/lib/avr5\libm.a(addsf3x.o) (__fp_inf)
c:/program files (x86)/atmel/atmel toolchain/avr8 gcc/native/3.4.2.1002/avr8-gnu-toolchain/bin/../lib/gcc/avr/4.7.2/../../../../avr/lib/avr5\libm.a(fp_nan.o)
[...]
Memory Configuration

Name             Origin             Length             Attributes
text             0x00000000         0x00020000         xr
data             0x00800060         0x0000ffa0         rw !x
eeprom           0x00810000         0x00010000         rw !x
fuse             0x00820000         0x00000400         rw !x
lock             0x00830000         0x00000400         rw !x
signature        0x00840000         0x00000400         rw !x
user_signatures  0x00850000         0x00000400         rw !x
*default*        0x00000000         0xffffffff

Linker script and memory map

Address of section .data set to 0x800100
LOAD c:/program files (x86)/atmel/atmel toolchain/avr8 gcc/native/3.4.2.1002/avr8-gnu-toolchain/bin/../lib/gcc/avr/4.7.2/../../../../avr/lib/avr5/crtm328p.o
LOAD Nordic_BLE/acilib.o
LOAD Nordic_BLE/aci_setup.o
LOAD Nordic_BLE/hal_aci_tl.o
LOAD Nordic_BLE/lib_aci.o
LOAD aurdinoStuff/SPI.o
LOAD ble_shield.o
LOAD srcAurdino.o
START GROUP
LOAD c:/program files (x86)/atmel/atmel toolchain/avr8 gcc/native/3.4.2.1002/avr8-gnu-toolchain/bin/../lib/gcc/avr/4.7.2/../../../../avr/lib/avr5\libm.a
LOAD C:\codework\Atmel Studio\arduinoCore\libcore.a
END GROUP
LOAD c:/program files (x86)/atmel/atmel toolchain/avr8 gcc/native/3.4.2.1002/avr8-gnu-toolchain/bin/../lib/gcc/avr/4.7.2/avr5\libgcc.a
LOAD c:/program files (x86)/atmel/atmel toolchain/avr8 gcc/native/3.4.2.1002/avr8-gnu-toolchain/bin/../lib/gcc/avr/4.7.2/../../../../avr/lib/avr5\libm.a
LOAD c:/program files (x86)/atmel/atmel toolchain/avr8 gcc/native/3.4.2.1002/avr8-gnu-toolchain/bin/../lib/gcc/avr/4.7.2/avr5\libgcc.a
LOAD c:/program files (x86)/atmel/atmel toolchain/avr8 gcc/native/3.4.2.1002/avr8-gnu-toolchain/bin/../lib/gcc/avr/4.7.2/../../../../avr/lib/avr5\libc.a
LOAD c:/program files (x86)/atmel/atmel toolchain/avr8 gcc/native/3.4.2.1002/avr8-gnu-toolchain/bin/../lib/gcc/avr/4.7.2/avr5\libgcc.a

.hash
 *(.hash)

.dynsym
 *(.dynsym)

.dynstr
 *(.dynstr)

.gnu.version
 *(.gnu.version)

.gnu.version_d
 *(.gnu.version_d)

.gnu.version_r
 *(.gnu.version_r)

.rel.init
 *(.rel.init)

.rela.init
 *(.rela.init)

.rel.text
 *(.rel.text)
 *(.rel.text.*)
 *(.rel.gnu.linkonce.t*)

.rela.text
 *(.rela.text)
 *(.rela.text.*)
 *(.rela.gnu.linkonce.t*)

.rel.fini
 *(.rel.fini)

.rela.fini
 *(.rela.fini)

.rel.rodata
 *(.rel.rodata)
 *(.rel.rodata.*)
 *(.rel.gnu.linkonce.r*)

.rela.rodata
 *(.rela.rodata)
 *(.rela.rodata.*)
 *(.rela.gnu.linkonce.r*)

.rel.data
 *(.rel.data)
 *(.rel.data.*)
 *(.rel.gnu.linkonce.d*)

.rela.data
 *(.rela.data)
 *(.rela.data.*)
 *(.rela.gnu.linkonce.d*)

.rel.ctors
 *(.rel.ctors)

.rela.ctors
 *(.rela.ctors)

.rel.dtors
 *(.rel.dtors)

.rela.dtors
 *(.rela.dtors)

.rel.got
 *(.rel.got)

.rela.got
 *(.rela.got)

.rel.bss
 *(.rel.bss)

.rela.bss
 *(.rela.bss)

.rel.plt
 *(.rel.plt)

.rela.plt
 *(.rela.plt)

.text           0x00000000     0x2296
 *(.vectors)
 .vectors       0x00000000       0x68 c:/program files (x86)/atmel/atmel toolchain/avr8 gcc/native/3.4.2.1002/avr8-gnu-toolchain/bin/../lib/gcc/avr/4.7.2/../../../../avr/lib/avr5/crtm328p.o
                0x00000000                __vector_default
                0x00000000                __vectors
 *(.vectors)
 *(.progmem.gcc*)
 *(.progmem*)
 .progmem.data  0x00000068        0x4 Nordic_BLE/hal_aci_tl.o
 .progmem.data  0x0000006c      0x407 ble_shield.o
 .progmem.data  0x00000473       0x3e srcAurdino.o
 .progmem.data  0x000004b1       0x5a C:\codework\Atmel Studio\arduinoCore\libcore.a(wiring_digital.c.o)
                0x000004b1                port_to_mode_PGM
                0x000004bb                port_to_output_PGM
                0x000004c5                port_to_input_PGM
                0x000004cf                digital_pin_to_port_PGM
                0x000004e3                digital_pin_to_bit_mask_PGM
                0x000004f7                digital_pin_to_timer_PGM
                0x0000050c                . = ALIGN (0x2)
 *fill*         0x0000050b        0x1 
                0x0000050c                __trampolines_start = .
 *(.trampolines)
 .trampolines   0x0000050c        0x0 linker stubs
 *(.trampolines*)
                0x0000050c                __trampolines_end = .
 *(.jumptables)
 *(.jumptables*)
 *(.lowtext)
 *(.lowtext*)
                0x0000050c                __ctors_start = .
 *(.ctors)
 .ctors         0x0000050c        0x2 C:\codework\Atmel Studio\arduinoCore\libcore.a(HardwareSerial.cpp.o)
                0x0000050e                __ctors_end = .
                0x0000050e                __dtors_start = .
 *(.dtors)
                0x0000050e                __dtors_end = .
 SORT(*)(.ctors)
 SORT(*)(.dtors)
 *(.init0)
 .init0         0x0000050e        0x0 c:/program files (x86)/atmel/atmel toolchain/avr8 gcc/native/3.4.2.1002/avr8-gnu-toolchain/bin/../lib/gcc/avr/4.7.2/../../../../avr/lib/avr5/crtm328p.o
                0x0000050e                __init
 *(.init0)
 *(.init1)
 *(.init1)
 *(.init2)
 .init2         0x0000050e        0xc c:/program files (x86)/atmel/atmel toolchain/avr8 gcc/native/3.4.2.1002/avr8-gnu-toolchain/bin/../lib/gcc/avr/4.7.2/../../../../avr/lib/avr5/crtm328p.o
 *(.init2)
 *(.init3)
 *(.init3)
 *(.init4)
 .init4         0x0000051a       0x16 c:/program files (x86)/atmel/atmel toolchain/avr8 gcc/native/3.4.2.1002/avr8-gnu-toolchain/bin/../lib/gcc/avr/4.7.2/avr5\libgcc.a(_copy_data.o)
                0x0000051a                __do_copy_data
 .init4         0x00000530       0x10 c:/program files (x86)/atmel/atmel toolchain/avr8 gcc/native/3.4.2.1002/avr8-gnu-toolchain/bin/../lib/gcc/avr/4.7.2/avr5\libgcc.a(_clear_bss.o)
                0x00000530                __do_clear_bss
 *(.init4)
 *(.init5)
 *(.init5)
 *(.init6)
 .init6         0x00000540       0x16 c:/program files (x86)/atmel/atmel toolchain/avr8 gcc/native/3.4.2.1002/avr8-gnu-toolchain/bin/../lib/gcc/avr/4.7.2/avr5\libgcc.a(_ctors.o)
                0x00000540                __do_global_ctors
 *(.init6)
 *(.init7)
 *(.init7)
 *(.init8)
 *(.init8)
 *(.init9)
 .init9         0x00000556        0x8 c:/program files (x86)/atmel/atmel toolchain/avr8 gcc/native/3.4.2.1002/avr8-gnu-toolchain/bin/../lib/gcc/avr/4.7.2/../../../../avr/lib/avr5/crtm328p.o
 *(.init9)
 *(.text)
 .text          0x0000055e        0x4 c:/program files (x86)/atmel/atmel toolchain/avr8 gcc/native/3.4.2.1002/avr8-gnu-toolchain/bin/../lib/gcc/avr/4.7.2/../../../../avr/lib/avr5/crtm328p.o
                0x0000055e                __vector_22
                0x0000055e                __vector_24
                0x0000055e                __vector_12
                0x0000055e                __bad_interrupt
                0x0000055e                __vector_6
                0x0000055e                __vector_3
                0x0000055e                __vector_23
                0x0000055e                __vector_25
                0x0000055e                __vector_11
                0x0000055e                __vector_13
                0x0000055e                __vector_17
                0x0000055e                __vector_7
                0x0000055e                __vector_5
                0x0000055e                __vector_4
                0x0000055e                __vector_9
                0x0000055e                __vector_21
                0x0000055e                __vector_15
                0x0000055e                __vector_8
                0x0000055e                __vector_14
                0x0000055e                __vector_10
                0x0000055e                __vector_20
                0x00000562                . = ALIGN (0x2)
 *(.text.*)
 .text._Z34acil_encode_cmd_get_device_versionPh
                0x00000562        0xc Nordic_BLE/acilib.o
                0x00000562                _Z34acil_encode_cmd_get_device_versionPh
 .text._Z30acil_encode_cmd_set_local_dataPhP31aci_cmd_params_set_local_data_th
                0x0000056e       0x2e Nordic_BLE/acilib.o
                0x0000056e                _Z30acil_encode_cmd_set_local_dataPhP31aci_cmd_params_set_local_data_th
 .text._Z23acil_encode_cmd_connectPhP24aci_cmd_params_connect_t
                0x0000059c       0x28 Nordic_BLE/acilib.o
                0x0000059c                _Z23acil_encode_cmd_connectPhP24aci_cmd_params_connect_t
 .text._Z26acil_encode_baseband_resetPh
                0x000005c4        0xc Nordic_BLE/acilib.o
                0x000005c4                _Z26acil_encode_baseband_resetPh
 .text._Z25acil_encode_cmd_send_dataPhP26aci_cmd_params_send_data_th
                0x000005d0       0x2e Nordic_BLE/acilib.o
                0x000005d0                _Z25acil_encode_cmd_send_dataPhP26aci_cmd_params_send_data_th
 .text._Z42acil_encode_cmd_change_timing_req_GAP_PPCPPh
                0x000005fe        0xc Nordic_BLE/acilib.o
                0x000005fe                _Z42acil_encode_cmd_change_timing_req_GAP_PPCPPh
 .text._Z14aci_setup_fillP11aci_state_tPh
                0x0000060a       0x66 Nordic_BLE/aci_setup.o
                0x0000060a                _Z14aci_setup_fillP11aci_state_tPh
 .text._Z12do_aci_setupP11aci_state_t
                0x00000670       0xc8 Nordic_BLE/aci_setup.o
                0x00000670                _Z12do_aci_setupP11aci_state_t
 .text._ZL12m_aci_q_initP11aci_queue_t
                0x00000738       0x3e Nordic_BLE/hal_aci_tl.o
 .text._ZL13spi_readwriteh
                0x00000776        0xc Nordic_BLE/hal_aci_tl.o
 .text._ZL15m_aci_q_dequeueP11aci_queue_tP14hal_aci_data_t
                0x00000782       0x46 Nordic_BLE/hal_aci_tl.o
 .text._ZL16m_print_aci_dataP14hal_aci_data_t
                0x000007c8       0x64 Nordic_BLE/hal_aci_tl.o
 .text._Z19hal_aci_debug_printb
                0x0000082c        0x6 Nordic_BLE/hal_aci_tl.o
                0x0000082c                _Z19hal_aci_debug_printb
 .text._Z15m_aci_q_enqueueP11aci_queue_tP14hal_aci_data_t
                0x00000832       0x76 Nordic_BLE/hal_aci_tl.o
                0x00000832                _Z15m_aci_q_enqueueP11aci_queue_tP14hal_aci_data_t
 .text._Z16m_aci_q_is_emptyP11aci_queue_t
                0x000008a8       0x18 Nordic_BLE/hal_aci_tl.o
                0x000008a8                _Z16m_aci_q_is_emptyP11aci_queue_t
 .text._Z15m_aci_q_is_fullP11aci_queue_t
                0x000008c0       0x26 Nordic_BLE/hal_aci_tl.o
                0x000008c0                _Z15m_aci_q_is_fullP11aci_queue_t
 .text._Z20hal_aci_tl_event_getP14hal_aci_data_t
                0x000008e6       0x64 Nordic_BLE/hal_aci_tl.o
                0x000008e6                _Z20hal_aci_tl_event_getP14hal_aci_data_t
 .text._Z15hal_aci_tl_sendP14hal_aci_data_t
                0x0000094a       0x52 Nordic_BLE/hal_aci_tl.o
                0x0000094a                _Z15hal_aci_tl_sendP14hal_aci_data_t
 .text._Z19hal_aci_tl_poll_getv
                0x0000099c      0x12a Nordic_BLE/hal_aci_tl.o
                0x0000099c                _Z19hal_aci_tl_poll_getv
 .text._Z17m_rdy_line_handlev
                0x00000ac6       0x44 Nordic_BLE/hal_aci_tl.o
                0x00000ac6                _Z17m_rdy_line_handlev
 .text._Z14m_aci_pins_setP10aci_pins_t
                0x00000b0a        0xa Nordic_BLE/hal_aci_tl.o
                0x00000b0a                _Z14m_aci_pins_setP10aci_pins_t
 .text._Z15hal_aci_tl_initP10aci_pins_t
                0x00000b14       0xde Nordic_BLE/hal_aci_tl.o
                0x00000b14                _Z15hal_aci_tl_initP10aci_pins_t
 .text._Z25lib_aci_is_pipe_availableP11aci_state_th
                0x00000bf2       0x24 Nordic_BLE/lib_aci.o
                0x00000bf2                _Z25lib_aci_is_pipe_availableP11aci_state_th
 .text._Z19lib_aci_radio_resetv
                0x00000c16       0x12 Nordic_BLE/lib_aci.o
                0x00000c16                _Z19lib_aci_radio_resetv
 .text._Z22lib_aci_device_versionv
                0x00000c28       0x12 Nordic_BLE/lib_aci.o
                0x00000c28                _Z22lib_aci_device_versionv
 .text._Z22lib_aci_set_local_dataP11aci_state_thPhh
                0x00000c3a       0x8a Nordic_BLE/lib_aci.o
                0x00000c3a                _Z22lib_aci_set_local_dataP11aci_state_thPhh
 .text._Z15lib_aci_connectjj
                0x00000cc4       0x38 Nordic_BLE/lib_aci.o
                0x00000cc4                _Z15lib_aci_connectjj
 .text._Z17lib_aci_send_datahPhh
                0x00000cfc       0x92 Nordic_BLE/lib_aci.o
                0x00000cfc                _Z17lib_aci_send_datahPhh
 .text._Z30lib_aci_change_timing_GAP_PPCPv
                0x00000d8e       0x12 Nordic_BLE/lib_aci.o
                0x00000d8e                _Z30lib_aci_change_timing_GAP_PPCPv
 .text._Z17lib_aci_event_getP11aci_state_tP13hal_aci_evt_t
                0x00000da0       0xc6 Nordic_BLE/lib_aci.o
                0x00000da0                _Z17lib_aci_event_getP11aci_state_tP13hal_aci_evt_t
 .text._Z18lib_aci_board_initP11aci_state_t
                0x00000e66       0xce Nordic_BLE/lib_aci.o
                0x00000e66                _Z18lib_aci_board_initP11aci_state_t
 .text._Z12lib_aci_initP11aci_state_t
                0x00000f34       0x6e Nordic_BLE/lib_aci.o
                0x00000f34                _Z12lib_aci_initP11aci_state_t
 .text._Z19lib_aci_debug_printb
                0x00000fa2        0x6 Nordic_BLE/lib_aci.o
                0x00000fa2                _Z19lib_aci_debug_printb
 .text._ZN8SPIClass5beginEv
                0x00000fa8       0x2e aurdinoStuff/SPI.o
                0x00000fa8                _ZN8SPIClass5beginEv
 .text._ZN8SPIClass11setBitOrderEh
                0x00000fd6       0x14 aurdinoStuff/SPI.o
                0x00000fd6                _ZN8SPIClass11setBitOrderEh
 .text._ZN8SPIClass11setDataModeEh
                0x00000fea        0xa aurdinoStuff/SPI.o
                0x00000fea                _ZN8SPIClass11setDataModeEh
 .text._ZN8SPIClass15setClockDividerEh
                0x00000ff4       0x1e aurdinoStuff/SPI.o
                0x00000ff4                _ZN8SPIClass15setClockDividerEh
 .text._ZL14process_eventsv
                0x00001012      0x2c0 ble_shield.o
 .text._Z9ble_beginv
                0x000012d2       0x84 ble_shield.o
                0x000012d2                _Z9ble_beginv
 .text._Z8ble_readv
                0x00001356       0x48 ble_shield.o
                0x00001356                _Z8ble_readv
 .text._Z13ble_availablev
                0x0000139e        0x6 ble_shield.o
                0x0000139e                _Z13ble_availablev
 .text._Z13ble_connectedv
                0x000013a4        0x6 ble_shield.o
                0x000013a4                _Z13ble_connectedv
 .text._Z13ble_do_eventsv
                0x000013aa      0x154 ble_shield.o
                0x000013aa                _Z13ble_do_eventsv
 .text.setup    0x000014fe       0x2c srcAurdino.o
                0x000014fe                setup
 .text.loop     0x0000152a       0x70 srcAurdino.o
                0x0000152a                loop
 .text.attachInterrupt
                0x0000159a       0x46 C:\codework\Atmel Studio\arduinoCore\libcore.a(WInterrupts.c.o)
                0x0000159a                attachInterrupt
 .text.detachInterrupt
                0x000015e0       0x26 C:\codework\Atmel Studio\arduinoCore\libcore.a(WInterrupts.c.o)
                0x000015e0                detachInterrupt
 .text.__vector_1
                0x00001606       0x5a C:\codework\Atmel Studio\arduinoCore\libcore.a(WInterrupts.c.o)
                0x00001606                __vector_1
 .text.__vector_2
                0x00001660       0x5a C:\codework\Atmel Studio\arduinoCore\libcore.a(WInterrupts.c.o)
                0x00001660                __vector_2
 .text.__vector_16
                0x000016ba       0x90 C:\codework\Atmel Studio\arduinoCore\libcore.a(wiring.c.o)
                0x000016ba                __vector_16
 .text.delay    0x0000174a       0xb2 C:\codework\Atmel Studio\arduinoCore\libcore.a(wiring.c.o)
                0x0000174a                delay
 .text.init     0x000017fc       0x76 C:\codework\Atmel Studio\arduinoCore\libcore.a(wiring.c.o)
                0x000017fc                init
 .text.pinMode  0x00001872       0x7e C:\codework\Atmel Studio\arduinoCore\libcore.a(wiring_digital.c.o)
                0x00001872                pinMode
 .text.digitalWrite
                0x000018f0       0xa8 C:\codework\Atmel Studio\arduinoCore\libcore.a(wiring_digital.c.o)
                0x000018f0                digitalWrite
 .text.digitalRead
                0x00001998       0xa6 C:\codework\Atmel Studio\arduinoCore\libcore.a(wiring_digital.c.o)
                0x00001998                digitalRead
 .text._Z11serialEventv
                0x00001a3e        0x2 C:\codework\Atmel Studio\arduinoCore\libcore.a(HardwareSerial.cpp.o)
                0x00001a3e                _Z11serialEventv
 .text.__vector_18
                0x00001a40       0x76 C:\codework\Atmel Studio\arduinoCore\libcore.a(HardwareSerial.cpp.o)
                0x00001a40                __vector_18
 .text._Z14serialEventRunv
                0x00001ab6       0x26 C:\codework\Atmel Studio\arduinoCore\libcore.a(HardwareSerial.cpp.o)
                0x00001ab6                _Z14serialEventRunv
 .text.__vector_19
                0x00001adc       0x76 C:\codework\Atmel Studio\arduinoCore\libcore.a(HardwareSerial.cpp.o)
                0x00001adc                __vector_19
 .text._ZN14HardwareSerial5beginEm
                0x00001b52      0x10e C:\codework\Atmel Studio\arduinoCore\libcore.a(HardwareSerial.cpp.o)
                0x00001b52                _ZN14HardwareSerial5beginEm
 .text._ZN14HardwareSerial9availableEv
                0x00001c60       0x22 C:\codework\Atmel Studio\arduinoCore\libcore.a(HardwareSerial.cpp.o)
                0x00001c60                _ZN14HardwareSerial9availableEv
 .text._ZN14HardwareSerial4peekEv
                0x00001c82       0x40 C:\codework\Atmel Studio\arduinoCore\libcore.a(HardwareSerial.cpp.o)
                0x00001c82                _ZN14HardwareSerial4peekEv
 .text._ZN14HardwareSerial4readEv
                0x00001cc2       0x52 C:\codework\Atmel Studio\arduinoCore\libcore.a(HardwareSerial.cpp.o)
                0x00001cc2                _ZN14HardwareSerial4readEv
 .text._ZN14HardwareSerial5flushEv
                0x00001d14       0x20 C:\codework\Atmel Studio\arduinoCore\libcore.a(HardwareSerial.cpp.o)
                0x00001d14                _ZN14HardwareSerial5flushEv
 .text._ZN14HardwareSerial5writeEh
                0x00001d34       0x80 C:\codework\Atmel Studio\arduinoCore\libcore.a(HardwareSerial.cpp.o)
                0x00001d34                _ZN14HardwareSerial5writeEh
 .text._GLOBAL__I_rx_buffer
                0x00001db4       0xac C:\codework\Atmel Studio\arduinoCore\libcore.a(HardwareSerial.cpp.o)
 .text.main     0x00001e60       0x1e C:\codework\Atmel Studio\arduinoCore\libcore.a(main.cpp.o)
                0x00001e60                main
 .text._ZN5Print5writeEPKhj
                0x00001e7e       0x54 C:\codework\Atmel Studio\arduinoCore\libcore.a(Print.cpp.o)
                0x00001e7e                _ZN5Print5writeEPKhj
 .text._ZN5Print5printEPK19__FlashStringHelper
                0x00001ed2       0x46 C:\codework\Atmel Studio\arduinoCore\libcore.a(Print.cpp.o)
                0x00001ed2                _ZN5Print5printEPK19__FlashStringHelper
 .text._ZN5Print7printlnEv
                0x00001f18       0x40 C:\codework\Atmel Studio\arduinoCore\libcore.a(Print.cpp.o)
                0x00001f18                _ZN5Print7printlnEv
 .text._ZN5Print7printlnEPK19__FlashStringHelper
                0x00001f58       0x28 C:\codework\Atmel Studio\arduinoCore\libcore.a(Print.cpp.o)
                0x00001f58                _ZN5Print7printlnEPK19__FlashStringHelper
 .text._ZN5Print5writeEPKc
                0x00001f80       0x38 C:\codework\Atmel Studio\arduinoCore\libcore.a(Print.cpp.o)
                0x00001f80                _ZN5Print5writeEPKc
 .text._ZN5Print11printNumberEmh
                0x00001fb8       0xc8 C:\codework\Atmel Studio\arduinoCore\libcore.a(Print.cpp.o)
                0x00001fb8                _ZN5Print11printNumberEmh
 .text._ZN5Print5printEmi
                0x00002080       0x1e C:\codework\Atmel Studio\arduinoCore\libcore.a(Print.cpp.o)
                0x00002080                _ZN5Print5printEmi
 .text._ZN5Print5printEhi
                0x0000209e       0x24 C:\codework\Atmel Studio\arduinoCore\libcore.a(Print.cpp.o)
                0x0000209e                _ZN5Print5printEhi
 .text._ZN5Print7printlnEhi
                0x000020c2       0x3c C:\codework\Atmel Studio\arduinoCore\libcore.a(Print.cpp.o)
                0x000020c2                _ZN5Print7printlnEhi
 .text._ZN5Print5printEli
                0x000020fe       0x80 C:\codework\Atmel Studio\arduinoCore\libcore.a(Print.cpp.o)
                0x000020fe                _ZN5Print5printEli
 .text._ZN5Print5printEii
                0x0000217e       0x26 C:\codework\Atmel Studio\arduinoCore\libcore.a(Print.cpp.o)
                0x0000217e                _ZN5Print5printEii
 .text._ZN5Print5printEPKc
                0x000021a4        0x6 C:\codework\Atmel Studio\arduinoCore\libcore.a(Print.cpp.o)
                0x000021a4                _ZN5Print5printEPKc
 .text._ZN5Print7printlnEPKc
                0x000021aa       0x26 C:\codework\Atmel Studio\arduinoCore\libcore.a(Print.cpp.o)
                0x000021aa                _ZN5Print7printlnEPKc
 .text.libgcc.mul
                0x000021d0       0x20 c:/program files (x86)/atmel/atmel toolchain/avr8 gcc/native/3.4.2.1002/avr8-gnu-toolchain/bin/../lib/gcc/avr/4.7.2/avr5\libgcc.a(_mulsi3.o)
                0x000021d0                __mulsi3
 .text.libgcc.div
                0x000021f0       0x44 c:/program files (x86)/atmel/atmel toolchain/avr8 gcc/native/3.4.2.1002/avr8-gnu-toolchain/bin/../lib/gcc/avr/4.7.2/avr5\libgcc.a(_udivmodsi4.o)
                0x000021f0                __udivmodsi4
 .text.libgcc   0x00002234        0xc c:/program files (x86)/atmel/atmel toolchain/avr8 gcc/native/3.4.2.1002/avr8-gnu-toolchain/bin/../lib/gcc/avr/4.7.2/avr5\libgcc.a(_tablejump.o)
                0x00002234                __tablejump2__
                0x00002238                __tablejump__
 .text.libgcc.mul
                0x00002240       0x18 c:/program files (x86)/atmel/atmel toolchain/avr8 gcc/native/3.4.2.1002/avr8-gnu-toolchain/bin/../lib/gcc/avr/4.7.2/avr5\libgcc.a(_umulhisi3.o)
                0x00002240                __umulhisi3
 .text.libgcc.mul
                0x00002258       0x16 c:/program files (x86)/atmel/atmel toolchain/avr8 gcc/native/3.4.2.1002/avr8-gnu-toolchain/bin/../lib/gcc/avr/4.7.2/avr5\libgcc.a(_muluhisi3.o)
                0x00002258                __muluhisi3
 .text.avr-libc
                0x0000226e       0x12 c:/program files (x86)/atmel/atmel toolchain/avr8 gcc/native/3.4.2.1002/avr8-gnu-toolchain/bin/../lib/gcc/avr/4.7.2/../../../../avr/lib/avr5\libc.a(memcpy_P.o)
                0x0000226e                memcpy_P
 .text.avr-libc
                0x00002280       0x12 c:/program files (x86)/atmel/atmel toolchain/avr8 gcc/native/3.4.2.1002/avr8-gnu-toolchain/bin/../lib/gcc/avr/4.7.2/../../../../avr/lib/avr5\libc.a(memcpy.o)
                0x00002280                memcpy
                0x00002292                . = ALIGN (0x2)
 *(.fini9)
 .fini9         0x00002292        0x0 c:/program files (x86)/atmel/atmel toolchain/avr8 gcc/native/3.4.2.1002/avr8-gnu-toolchain/bin/../lib/gcc/avr/4.7.2/avr5\libgcc.a(_exit.o)
                0x00002292                _exit
                0x00002292                exit
 *(.fini9)
 *(.fini8)
 *(.fini8)
 *(.fini7)
 *(.fini7)
 *(.fini6)
 *(.fini6)
 *(.fini5)
 *(.fini5)
 *(.fini4)
 *(.fini4)
 *(.fini3)
 *(.fini3)
 *(.fini2)
 *(.fini2)
 *(.fini1)
 *(.fini1)
 *(.fini0)
 .fini0         0x00002292        0x4 c:/program files (x86)/atmel/atmel toolchain/avr8 gcc/native/3.4.2.1002/avr8-gnu-toolchain/bin/../lib/gcc/avr/4.7.2/avr5\libgcc.a(_exit.o)
 *(.fini0)
                0x00002296                _etext = .

.data           0x00800100       0xa4 load address 0x00002296
                0x00800100                PROVIDE (__data_start, .)
 *(.data)
 .data          0x00800100        0x0 c:/program files (x86)/atmel/atmel toolchain/avr8 gcc/native/3.4.2.1002/avr8-gnu-toolchain/bin/../lib/gcc/avr/4.7.2/../../../../avr/lib/avr5/crtm328p.o
 .data          0x00800100        0x0 Nordic_BLE/acilib.o
 .data          0x00800100        0x0 Nordic_BLE/aci_setup.o
 .data          0x00800100        0x0 Nordic_BLE/hal_aci_tl.o
 .data          0x00800100        0x0 Nordic_BLE/lib_aci.o
 .data          0x00800100        0x0 aurdinoStuff/SPI.o
 .data          0x00800100        0x0 ble_shield.o
 .data          0x00800100        0x0 srcAurdino.o
 .data          0x00800100        0x0 C:\codework\Atmel Studio\arduinoCore\libcore.a(WInterrupts.c.o)
 .data          0x00800100        0x0 C:\codework\Atmel Studio\arduinoCore\libcore.a(wiring.c.o)
 .data          0x00800100        0x0 C:\codework\Atmel Studio\arduinoCore\libcore.a(wiring_digital.c.o)
 .data          0x00800100        0x0 C:\codework\Atmel Studio\arduinoCore\libcore.a(HardwareSerial.cpp.o)
 .data          0x00800100        0x0 C:\codework\Atmel Studio\arduinoCore\libcore.a(main.cpp.o)
 .data          0x00800100        0x0 C:\codework\Atmel Studio\arduinoCore\libcore.a(new.cpp.o)
 .data          0x00800100        0xe C:\codework\Atmel Studio\arduinoCore\libcore.a(Print.cpp.o)
 .data          0x0080010e        0x1 C:\codework\Atmel Studio\arduinoCore\libcore.a(WString.cpp.o)
 .data          0x0080010f        0x0 C:\codework\Atmel Studio\arduinoCore\libcore.a(malloc.c.o)
 .data          0x0080010f        0x0 C:\codework\Atmel Studio\arduinoCore\libcore.a(realloc.c.o)
 .data          0x0080010f        0x0 c:/program files (x86)/atmel/atmel toolchain/avr8 gcc/native/3.4.2.1002/avr8-gnu-toolchain/bin/../lib/gcc/avr/4.7.2/../../../../avr/lib/avr5\libm.a(addsf3.o)
 .data          0x0080010f        0x0 c:/program files (x86)/atmel/atmel toolchain/avr8 gcc/native/3.4.2.1002/avr8-gnu-toolchain/bin/../lib/gcc/avr/4.7.2/../../../../avr/lib/avr5\libm.a(addsf3x.o)
 .data          0x0080010f        0x0 c:/program files (x86)/atmel/atmel toolchain/avr8 gcc/native/3.4.2.1002/avr8-gnu-toolchain/bin/../lib/gcc/avr/4.7.2/../../../../avr/lib/avr5\libm.a(cmpsf2.o)
 .data          0x0080010f        0x0 c:/program files (x86)/atmel/atmel toolchain/avr8 gcc/native/3.4.2.1002/avr8-gnu-toolchain/bin/../lib/gcc/avr/4.7.2/../../../../avr/lib/avr5\libm.a(divsf3.o)
 .data          0x0080010f        0x0 c:/program files (x86)/atmel/atmel toolchain/avr8 gcc/native/3.4.2.1002/avr8-gnu-toolchain/bin/../lib/gcc/avr/4.7.2/../../../../avr/lib/avr5\libm.a(divsf3x.o)
 .data          0x0080010f        0x0 c:/program files (x86)/atmel/atmel toolchain/avr8 gcc/native/3.4.2.1002/avr8-gnu-toolchain/bin/../lib/gcc/avr/4.7.2/../../../../avr/lib/avr5\libm.a(fixsfsi.o)
 .data          0x0080010f        0x0 c:/program files (x86)/atmel/atmel toolchain/avr8 gcc/native/3.4.2.1002/avr8-gnu-toolchain/bin/../lib/gcc/avr/4.7.2/../../../../avr/lib/avr5\libm.a(fixunssfsi.o)
 .data          0x0080010f        0x0 c:/program files (x86)/atmel/atmel toolchain/avr8 gcc/native/3.4.2.1002/avr8-gnu-toolchain/bin/../lib/gcc/avr/4.7.2/../../../../avr/lib/avr5\libm.a(floatsisf.o)
 .data          0x0080010f        0x0 c:/program files (x86)/atmel/atmel toolchain/avr8 gcc/native/3.4.2.1002/avr8-gnu-toolchain/bin/../lib/gcc/avr/4.7.2/../../../../avr/lib/avr5\libm.a(fp_cmp.o)
 .data          0x0080010f        0x0 c:/program files (x86)/atmel/atmel toolchain/avr8 gcc/native/3.4.2.1002/avr8-gnu-toolchain/bin/../lib/gcc/avr/4.7.2/../../../../avr/lib/avr5\libm.a(fp_inf.o)
 .data          0x0080010f        0x0 c:/program files (x86)/atmel/atmel toolchain/avr8 gcc/native/3.4.2.1002/avr8-gnu-toolchain/bin/../lib/gcc/avr/4.7.2/../../../../avr/lib/avr5\libm.a(fp_nan.o)
 .data          0x0080010f        0x0 c:/program files (x86)/atmel/atmel toolchain/avr8 gcc/native/3.4.2.1002/avr8-gnu-toolchain/bin/../lib/gcc/avr/4.7.2/../../../../avr/lib/avr5\libm.a(fp_pscA.o)
 .data          0x0080010f        0x0 c:/program files (x86)/atmel/atmel toolchain/avr8 gcc/native/3.4.2.1002/avr8-gnu-toolchain/bin/../lib/gcc/avr/4.7.2/../../../../avr/lib/avr5\libm.a(fp_pscB.o)
 .data          0x0080010f        0x0 c:/program files (x86)/atmel/atmel toolchain/avr8 gcc/native/3.4.2.1002/avr8-gnu-toolchain/bin/../lib/gcc/avr/4.7.2/../../../../avr/lib/avr5\libm.a(fp_round.o)
 .data          0x0080010f        0x0 c:/program files (x86)/atmel/atmel toolchain/avr8 gcc/native/3.4.2.1002/avr8-gnu-toolchain/bin/../lib/gcc/avr/4.7.2/../../../../avr/lib/avr5\libm.a(fp_split3.o)
 .data          0x0080010f        0x0 c:/program files (x86)/atmel/atmel toolchain/avr8 gcc/native/3.4.2.1002/avr8-gnu-toolchain/bin/../lib/gcc/avr/4.7.2/../../../../avr/lib/avr5\libm.a(fp_zero.o)
 .data          0x0080010f        0x0 c:/program files (x86)/atmel/atmel toolchain/avr8 gcc/native/3.4.2.1002/avr8-gnu-toolchain/bin/../lib/gcc/avr/4.7.2/../../../../avr/lib/avr5\libm.a(gesf2.o)
 .data          0x0080010f        0x0 c:/program files (x86)/atmel/atmel toolchain/avr8 gcc/native/3.4.2.1002/avr8-gnu-toolchain/bin/../lib/gcc/avr/4.7.2/../../../../avr/lib/avr5\libm.a(mulsf3.o)
 .data          0x0080010f        0x0 c:/program files (x86)/atmel/atmel toolchain/avr8 gcc/native/3.4.2.1002/avr8-gnu-toolchain/bin/../lib/gcc/avr/4.7.2/../../../../avr/lib/avr5\libm.a(mulsf3x.o)
 .data          0x0080010f        0x0 c:/program files (x86)/atmel/atmel toolchain/avr8 gcc/native/3.4.2.1002/avr8-gnu-toolchain/bin/../lib/gcc/avr/4.7.2/../../../../avr/lib/avr5\libm.a(unordsf2.o)
 .data          0x0080010f        0x0 c:/program files (x86)/atmel/atmel toolchain/avr8 gcc/native/3.4.2.1002/avr8-gnu-toolchain/bin/../lib/gcc/avr/4.7.2/avr5\libgcc.a(_mulsi3.o)
 .data          0x0080010f        0x0 c:/program files (x86)/atmel/atmel toolchain/avr8 gcc/native/3.4.2.1002/avr8-gnu-toolchain/bin/../lib/gcc/avr/4.7.2/avr5\libgcc.a(_udivmodsi4.o)
 .data          0x0080010f        0x0 c:/program files (x86)/atmel/atmel toolchain/avr8 gcc/native/3.4.2.1002/avr8-gnu-toolchain/bin/../lib/gcc/avr/4.7.2/avr5\libgcc.a(_exit.o)
 .data          0x0080010f        0x0 c:/program files (x86)/atmel/atmel toolchain/avr8 gcc/native/3.4.2.1002/avr8-gnu-toolchain/bin/../lib/gcc/avr/4.7.2/avr5\libgcc.a(_tablejump.o)
 .data          0x0080010f        0x0 c:/program files (x86)/atmel/atmel toolchain/avr8 gcc/native/3.4.2.1002/avr8-gnu-toolchain/bin/../lib/gcc/avr/4.7.2/avr5\libgcc.a(_copy_data.o)
 .data          0x0080010f        0x0 c:/program files (x86)/atmel/atmel toolchain/avr8 gcc/native/3.4.2.1002/avr8-gnu-toolchain/bin/../lib/gcc/avr/4.7.2/avr5\libgcc.a(_clear_bss.o)
 .data          0x0080010f        0x0 c:/program files (x86)/atmel/atmel toolchain/avr8 gcc/native/3.4.2.1002/avr8-gnu-toolchain/bin/../lib/gcc/avr/4.7.2/avr5\libgcc.a(_ctors.o)
 .data          0x0080010f        0x0 c:/program files (x86)/atmel/atmel toolchain/avr8 gcc/native/3.4.2.1002/avr8-gnu-toolchain/bin/../lib/gcc/avr/4.7.2/avr5\libgcc.a(_umulhisi3.o)
 .data          0x0080010f        0x0 c:/program files (x86)/atmel/atmel toolchain/avr8 gcc/native/3.4.2.1002/avr8-gnu-toolchain/bin/../lib/gcc/avr/4.7.2/avr5\libgcc.a(_muluhisi3.o)
 .data          0x0080010f        0x0 c:/program files (x86)/atmel/atmel toolchain/avr8 gcc/native/3.4.2.1002/avr8-gnu-toolchain/bin/../lib/gcc/avr/4.7.2/../../../../avr/lib/avr5\libc.a(atol.o)
 .data          0x0080010f        0x0 c:/program files (x86)/atmel/atmel toolchain/avr8 gcc/native/3.4.2.1002/avr8-gnu-toolchain/bin/../lib/gcc/avr/4.7.2/../../../../avr/lib/avr5\libc.a(isspace.o)
 .data          0x0080010f        0x0 c:/program files (x86)/atmel/atmel toolchain/avr8 gcc/native/3.4.2.1002/avr8-gnu-toolchain/bin/../lib/gcc/avr/4.7.2/../../../../avr/lib/avr5\libc.a(tolower.o)
 .data          0x0080010f        0x0 c:/program files (x86)/atmel/atmel toolchain/avr8 gcc/native/3.4.2.1002/avr8-gnu-toolchain/bin/../lib/gcc/avr/4.7.2/../../../../avr/lib/avr5\libc.a(toupper.o)
 .data          0x0080010f        0x0 c:/program files (x86)/atmel/atmel toolchain/avr8 gcc/native/3.4.2.1002/avr8-gnu-toolchain/bin/../lib/gcc/avr/4.7.2/../../../../avr/lib/avr5\libc.a(memcpy_P.o)
 .data          0x0080010f        0x0 c:/program files (x86)/atmel/atmel toolchain/avr8 gcc/native/3.4.2.1002/avr8-gnu-toolchain/bin/../lib/gcc/avr/4.7.2/../../../../avr/lib/avr5\libc.a(memcpy.o)
 .data          0x0080010f        0x0 c:/program files (x86)/atmel/atmel toolchain/avr8 gcc/native/3.4.2.1002/avr8-gnu-toolchain/bin/../lib/gcc/avr/4.7.2/../../../../avr/lib/avr5\libc.a(memmove.o)
 .data          0x0080010f        0x0 c:/program files (x86)/atmel/atmel toolchain/avr8 gcc/native/3.4.2.1002/avr8-gnu-toolchain/bin/../lib/gcc/avr/4.7.2/../../../../avr/lib/avr5\libc.a(strchr.o)
 .data          0x0080010f        0x0 c:/program files (x86)/atmel/atmel toolchain/avr8 gcc/native/3.4.2.1002/avr8-gnu-toolchain/bin/../lib/gcc/avr/4.7.2/../../../../avr/lib/avr5\libc.a(strcmp.o)
 .data          0x0080010f        0x0 c:/program files (x86)/atmel/atmel toolchain/avr8 gcc/native/3.4.2.1002/avr8-gnu-toolchain/bin/../lib/gcc/avr/4.7.2/../../../../avr/lib/avr5\libc.a(strcpy.o)
 .data          0x0080010f        0x0 c:/program files (x86)/atmel/atmel toolchain/avr8 gcc/native/3.4.2.1002/avr8-gnu-toolchain/bin/../lib/gcc/avr/4.7.2/../../../../avr/lib/avr5\libc.a(strncmp.o)
 .data          0x0080010f        0x0 c:/program files (x86)/atmel/atmel toolchain/avr8 gcc/native/3.4.2.1002/avr8-gnu-toolchain/bin/../lib/gcc/avr/4.7.2/../../../../avr/lib/avr5\libc.a(strncpy.o)
 .data          0x0080010f        0x0 c:/program files (x86)/atmel/atmel toolchain/avr8 gcc/native/3.4.2.1002/avr8-gnu-toolchain/bin/../lib/gcc/avr/4.7.2/../../../../avr/lib/avr5\libc.a(strrchr.o)
 .data          0x0080010f        0x0 c:/program files (x86)/atmel/atmel toolchain/avr8 gcc/native/3.4.2.1002/avr8-gnu-toolchain/bin/../lib/gcc/avr/4.7.2/../../../../avr/lib/avr5\libc.a(strstr.o)
 .data          0x0080010f        0x0 c:/program files (x86)/atmel/atmel toolchain/avr8 gcc/native/3.4.2.1002/avr8-gnu-toolchain/bin/../lib/gcc/avr/4.7.2/../../../../avr/lib/avr5\libc.a(itoa.o)
 .data          0x0080010f        0x0 c:/program files (x86)/atmel/atmel toolchain/avr8 gcc/native/3.4.2.1002/avr8-gnu-toolchain/bin/../lib/gcc/avr/4.7.2/../../../../avr/lib/avr5\libc.a(ltoa.o)
 .data          0x0080010f        0x0 c:/program files (x86)/atmel/atmel toolchain/avr8 gcc/native/3.4.2.1002/avr8-gnu-toolchain/bin/../lib/gcc/avr/4.7.2/../../../../avr/lib/avr5\libc.a(mulsi10.o)
 .data          0x0080010f        0x0 c:/program files (x86)/atmel/atmel toolchain/avr8 gcc/native/3.4.2.1002/avr8-gnu-toolchain/bin/../lib/gcc/avr/4.7.2/../../../../avr/lib/avr5\libc.a(ultoa.o)
 .data          0x0080010f        0x0 c:/program files (x86)/atmel/atmel toolchain/avr8 gcc/native/3.4.2.1002/avr8-gnu-toolchain/bin/../lib/gcc/avr/4.7.2/../../../../avr/lib/avr5\libc.a(utoa.o)
 .data          0x0080010f        0x0 c:/program files (x86)/atmel/atmel toolchain/avr8 gcc/native/3.4.2.1002/avr8-gnu-toolchain/bin/../lib/gcc/avr/4.7.2/../../../../avr/lib/avr5\libc.a(cty_isfalse.o)
 .data          0x0080010f        0x0 c:/program files (x86)/atmel/atmel toolchain/avr8 gcc/native/3.4.2.1002/avr8-gnu-toolchain/bin/../lib/gcc/avr/4.7.2/../../../../avr/lib/avr5\libc.a(strrev.o)
 .data          0x0080010f        0x0 c:/program files (x86)/atmel/atmel toolchain/avr8 gcc/native/3.4.2.1002/avr8-gnu-toolchain/bin/../lib/gcc/avr/4.7.2/avr5\libgcc.a(_udivmodhi4.o)
 *(.data*)
 .data.p_back   0x0080010f        0x2 ble_shield.o
                0x0080010f                p_back
 .data.p_before
                0x00800111        0x2 ble_shield.o
                0x00800111                p_before
 .data._ZL8reqn_pin
                0x00800113        0x1 ble_shield.o
 .data._ZL8rdyn_pin
                0x00800114        0x1 ble_shield.o
 .data._ZL26services_pipe_type_mapping
                0x00800115        0xc ble_shield.o
 .data.led      0x00800121        0x2 srcAurdino.o
                0x00800121                led
 *(.rodata)
 *(.rodata*)
 .rodata.str1.1
                0x00800123        0x8 Nordic_BLE/hal_aci_tl.o
 .rodata.str1.1
                0x0080012b       0x69 ble_shield.o
                                 0x6e (size before relaxing)
 .rodata._ZTV14HardwareSerial
                0x00800194       0x10 C:\codework\Atmel Studio\arduinoCore\libcore.a(HardwareSerial.cpp.o)
                0x00800194                _ZTV14HardwareSerial
 *(.gnu.linkonce.d*)
                0x008001a4                . = ALIGN (0x2)
                0x008001a4                _edata = .
                0x008001a4                PROVIDE (__data_end, .)

.bss            0x008001a4      0x2f0
                0x008001a4                PROVIDE (__bss_start, .)
 *(.bss)
 *(.bss*)
 .bss.aci_rx_q  0x008001a4       0x86 Nordic_BLE/hal_aci_tl.o
                0x008001a4                aci_rx_q
 .bss.aci_tx_q  0x0080022a       0x86 Nordic_BLE/hal_aci_tl.o
                0x0080022a                aci_tx_q
 .bss._ZL15aci_debug_print
                0x008002b0        0x1 Nordic_BLE/hal_aci_tl.o
 .bss._ZL16a_pins_local_ptr
                0x008002b1        0x2 Nordic_BLE/hal_aci_tl.o
 .bss._ZL13received_data
                0x008002b3       0x21 Nordic_BLE/hal_aci_tl.o
 .bss.msg_to_send
                0x008002d4       0x21 Nordic_BLE/lib_aci.o
                0x008002d4                msg_to_send
 .bss._ZL28aci_cmd_params_open_adv_pipe
                0x008002f5        0x8 Nordic_BLE/lib_aci.o
 .bss._ZL28is_request_operation_pending
                0x008002fd        0x1 Nordic_BLE/lib_aci.o
 .bss._ZL29is_indicate_operation_pending
                0x008002fe        0x1 Nordic_BLE/lib_aci.o
 .bss._ZL27is_open_remote_pipe_pending
                0x008002ff        0x1 Nordic_BLE/lib_aci.o
 .bss._ZL28is_close_remote_pipe_pending
                0x00800300        0x1 Nordic_BLE/lib_aci.o
 .bss._ZL22request_operation_pipe
                0x00800301        0x1 Nordic_BLE/lib_aci.o
 .bss._ZL23indicate_operation_pipe
                0x00800302        0x1 Nordic_BLE/lib_aci.o
 .bss._ZL24p_services_pipe_type_map
                0x00800303        0x2 Nordic_BLE/lib_aci.o
 .bss._ZL12p_setup_msgs
                0x00800305        0x2 Nordic_BLE/lib_aci.o
 .bss.ack       0x00800307        0x1 ble_shield.o
                0x00800307                ack
 .bss.rx_buffer_len
                0x00800308        0x1 ble_shield.o
                0x00800308                rx_buffer_len
 .bss.rx_buff   0x00800309       0x41 ble_shield.o
                0x00800309                rx_buff
 .bss.tx_buffer_len
                0x0080034a        0x1 ble_shield.o
                0x0080034a                tx_buffer_len
 .bss._ZL9aci_state
                0x0080034b       0x2d ble_shield.o
 .bss._ZL7tx_buff
                0x00800378       0x40 ble_shield.o
 .bss._ZL12is_connected
                0x008003b8        0x1 ble_shield.o
 .bss._ZL8aci_data
                0x008003b9       0x22 ble_shield.o
 .bss._ZL18timing_change_done
                0x008003db        0x1 ble_shield.o
 .bss.bleconnected
                0x008003dc        0x1 srcAurdino.o
                0x008003dc                bleconnected
 .bss.intFunc   0x008003dd        0x4 C:\codework\Atmel Studio\arduinoCore\libcore.a(WInterrupts.c.o)
 .bss.timer0_overflow_count
                0x008003e1        0x4 C:\codework\Atmel Studio\arduinoCore\libcore.a(wiring.c.o)
                0x008003e1                timer0_overflow_count
 .bss.timer0_millis
                0x008003e5        0x4 C:\codework\Atmel Studio\arduinoCore\libcore.a(wiring.c.o)
                0x008003e5                timer0_millis
 .bss.timer0_fract
                0x008003e9        0x1 C:\codework\Atmel Studio\arduinoCore\libcore.a(wiring.c.o)
 .bss.rx_buffer
                0x008003ea       0x44 C:\codework\Atmel Studio\arduinoCore\libcore.a(HardwareSerial.cpp.o)
                0x008003ea                rx_buffer
 .bss.tx_buffer
                0x0080042e       0x44 C:\codework\Atmel Studio\arduinoCore\libcore.a(HardwareSerial.cpp.o)
                0x0080042e                tx_buffer
 .bss.Serial    0x00800472       0x22 C:\codework\Atmel Studio\arduinoCore\libcore.a(HardwareSerial.cpp.o)
                0x00800472                Serial
 *(COMMON)
                0x00800494                PROVIDE (__bss_end, .)
                0x00002296                __data_load_start = LOADADDR (.data)
                0x0000233a                __data_load_end = (__data_load_start + SIZEOF (.data))

.noinit         0x00800494        0x0
                0x00800494                PROVIDE (__noinit_start, .)
 *(.noinit*)
                0x00800494                PROVIDE (__noinit_end, .)
                0x00800494                _end = .
                0x00800494                PROVIDE (__heap_start, .)

.eeprom         0x00810000        0x0
 *(.eeprom*)
                0x00810000                __eeprom_end = .

.fuse
 *(.fuse)
 *(.lfuse)
 *(.hfuse)
 *(.efuse)

.lock
 *(.lock*)

.signature
 *(.signature*)

.user_signatures
 *(.user_signatures*)

.stab           0x00000000     0x3024
 *(.stab)
 .stab          0x00000000      0x6cc c:/program files (x86)/atmel/atmel toolchain/avr8 gcc/native/3.4.2.1002/avr8-gnu-toolchain/bin/../lib/gcc/avr/4.7.2/../../../../avr/lib/avr5/crtm328p.o
 .stab          0x000006cc       0x78 c:/program files (x86)/atmel/atmel toolchain/avr8 gcc/native/3.4.2.1002/avr8-gnu-toolchain/bin/../lib/gcc/avr/4.7.2/../../../../avr/lib/avr5\libm.a(addsf3.o)
                                 0x84 (size before relaxing)
 .stab          0x00000744      0x4bc c:/program files (x86)/atmel/atmel toolchain/avr8 gcc/native/3.4.2.1002/avr8-gnu-toolchain/bin/../lib/gcc/avr/4.7.2/../../../../avr/lib/avr5\libm.a(addsf3x.o)
                                0x4c8 (size before relaxing)
 .stab          0x00000c00       0x90 c:/program files (x86)/atmel/atmel toolchain/avr8 gcc/native/3.4.2.1002/avr8-gnu-toolchain/bin/../lib/gcc/avr/4.7.2/../../../../avr/lib/avr5\libm.a(cmpsf2.o)
                                 0x9c (size before relaxing)
 .stab          0x00000c90       0x48 c:/program files (x86)/atmel/atmel toolchain/avr8 gcc/native/3.4.2.1002/avr8-gnu-toolchain/bin/../lib/gcc/avr/4.7.2/../../../../avr/lib/avr5\libm.a(divsf3.o)
                                 0x54 (size before relaxing)
 .stab          0x00000cd8      0x510 c:/program files (x86)/atmel/atmel toolchain/avr8 gcc/native/3.4.2.1002/avr8-gnu-toolchain/bin/../lib/gcc/avr/4.7.2/../../../../avr/lib/avr5\libm.a(divsf3x.o)
                                0x51c (size before relaxing)
 .stab          0x000011e8       0x6c c:/program files (x86)/atmel/atmel toolchain/avr8 gcc/native/3.4.2.1002/avr8-gnu-toolchain/bin/../lib/gcc/avr/4.7.2/../../../../avr/lib/avr5\libm.a(fixsfsi.o)
                                 0x78 (size before relaxing)
 .stab          0x00001254      0x240 c:/program files (x86)/atmel/atmel toolchain/avr8 gcc/native/3.4.2.1002/avr8-gnu-toolchain/bin/../lib/gcc/avr/4.7.2/../../../../avr/lib/avr5\libm.a(fixunssfsi.o)
                                0x24c (size before relaxing)
 .stab          0x00001494      0x318 c:/program files (x86)/atmel/atmel toolchain/avr8 gcc/native/3.4.2.1002/avr8-gnu-toolchain/bin/../lib/gcc/avr/4.7.2/../../../../avr/lib/avr5\libm.a(floatsisf.o)
                                0x324 (size before relaxing)
 .stab          0x000017ac      0x1e0 c:/program files (x86)/atmel/atmel toolchain/avr8 gcc/native/3.4.2.1002/avr8-gnu-toolchain/bin/../lib/gcc/avr/4.7.2/../../../../avr/lib/avr5\libm.a(fp_cmp.o)
                                0x1ec (size before relaxing)
 .stab          0x0000198c       0x78 c:/program files (x86)/atmel/atmel toolchain/avr8 gcc/native/3.4.2.1002/avr8-gnu-toolchain/bin/../lib/gcc/avr/4.7.2/../../../../avr/lib/avr5\libm.a(fp_inf.o)
                                 0x84 (size before relaxing)
 .stab          0x00001a04       0x54 c:/program files (x86)/atmel/atmel toolchain/avr8 gcc/native/3.4.2.1002/avr8-gnu-toolchain/bin/../lib/gcc/avr/4.7.2/../../../../avr/lib/avr5\libm.a(fp_nan.o)
                                 0x60 (size before relaxing)
 .stab          0x00001a58       0x84 c:/program files (x86)/atmel/atmel toolchain/avr8 gcc/native/3.4.2.1002/avr8-gnu-toolchain/bin/../lib/gcc/avr/4.7.2/../../../../avr/lib/avr5\libm.a(fp_pscA.o)
                                 0x90 (size before relaxing)
 .stab          0x00001adc       0x84 c:/program files (x86)/atmel/atmel toolchain/avr8 gcc/native/3.4.2.1002/avr8-gnu-toolchain/bin/../lib/gcc/avr/4.7.2/../../../../avr/lib/avr5\libm.a(fp_pscB.o)
                                 0x90 (size before relaxing)
 .stab          0x00001b60       0xfc c:/program files (x86)/atmel/atmel toolchain/avr8 gcc/native/3.4.2.1002/avr8-gnu-toolchain/bin/../lib/gcc/avr/4.7.2/../../../../avr/lib/avr5\libm.a(fp_round.o)
                                0x108 (size before relaxing)
 .stab          0x00001c5c      0x1d4 c:/program files (x86)/atmel/atmel toolchain/avr8 gcc/native/3.4.2.1002/avr8-gnu-toolchain/bin/../lib/gcc/avr/4.7.2/../../../../avr/lib/avr5\libm.a(fp_split3.o)
                                0x1e0 (size before relaxing)
 .stab          0x00001e30       0x90 c:/program files (x86)/atmel/atmel toolchain/avr8 gcc/native/3.4.2.1002/avr8-gnu-toolchain/bin/../lib/gcc/avr/4.7.2/../../../../avr/lib/avr5\libm.a(fp_zero.o)
                                 0x9c (size before relaxing)
 .stab          0x00001ec0       0x6c c:/program files (x86)/atmel/atmel toolchain/avr8 gcc/native/3.4.2.1002/avr8-gnu-toolchain/bin/../lib/gcc/avr/4.7.2/../../../../avr/lib/avr5\libm.a(gesf2.o)
                                 0x78 (size before relaxing)
 .stab          0x00001f2c       0x48 c:/program files (x86)/atmel/atmel toolchain/avr8 gcc/native/3.4.2.1002/avr8-gnu-toolchain/bin/../lib/gcc/avr/4.7.2/../../../../avr/lib/avr5\libm.a(mulsf3.o)
                                 0x54 (size before relaxing)
 .stab          0x00001f74      0x4d4 c:/program files (x86)/atmel/atmel toolchain/avr8 gcc/native/3.4.2.1002/avr8-gnu-toolchain/bin/../lib/gcc/avr/4.7.2/../../../../avr/lib/avr5\libm.a(mulsf3x.o)
                                0x4e0 (size before relaxing)
 .stab          0x00002448       0x60 c:/program files (x86)/atmel/atmel toolchain/avr8 gcc/native/3.4.2.1002/avr8-gnu-toolchain/bin/../lib/gcc/avr/4.7.2/../../../../avr/lib/avr5\libm.a(unordsf2.o)
                                 0x6c (size before relaxing)
 .stab          0x000024a8      0x1e0 c:/program files (x86)/atmel/atmel toolchain/avr8 gcc/native/3.4.2.1002/avr8-gnu-toolchain/bin/../lib/gcc/avr/4.7.2/../../../../avr/lib/avr5\libc.a(atol.o)
                                0x1ec (size before relaxing)
 .stab          0x00002688       0x18 c:/program files (x86)/atmel/atmel toolchain/avr8 gcc/native/3.4.2.1002/avr8-gnu-toolchain/bin/../lib/gcc/avr/4.7.2/../../../../avr/lib/avr5\libc.a(isspace.o)
                                 0xa8 (size before relaxing)
 .stab          0x000026a0       0x18 c:/program files (x86)/atmel/atmel toolchain/avr8 gcc/native/3.4.2.1002/avr8-gnu-toolchain/bin/../lib/gcc/avr/4.7.2/../../../../avr/lib/avr5\libc.a(tolower.o)
                                 0xa8 (size before relaxing)
 .stab          0x000026b8       0x18 c:/program files (x86)/atmel/atmel toolchain/avr8 gcc/native/3.4.2.1002/avr8-gnu-toolchain/bin/../lib/gcc/avr/4.7.2/../../../../avr/lib/avr5\libc.a(toupper.o)
                                 0xa8 (size before relaxing)
 .stab          0x000026d0       0x84 c:/program files (x86)/atmel/atmel toolchain/avr8 gcc/native/3.4.2.1002/avr8-gnu-toolchain/bin/../lib/gcc/avr/4.7.2/../../../../avr/lib/avr5\libc.a(memcpy_P.o)
                                 0x90 (size before relaxing)
 .stab          0x00002754       0x84 c:/program files (x86)/atmel/atmel toolchain/avr8 gcc/native/3.4.2.1002/avr8-gnu-toolchain/bin/../lib/gcc/avr/4.7.2/../../../../avr/lib/avr5\libc.a(memcpy.o)
                                 0x90 (size before relaxing)
 .stab          0x000027d8       0xe4 c:/program files (x86)/atmel/atmel toolchain/avr8 gcc/native/3.4.2.1002/avr8-gnu-toolchain/bin/../lib/gcc/avr/4.7.2/../../../../avr/lib/avr5\libc.a(memmove.o)
                                 0xf0 (size before relaxing)
 .stab          0x000028bc       0x9c c:/program files (x86)/atmel/atmel toolchain/avr8 gcc/native/3.4.2.1002/avr8-gnu-toolchain/bin/../lib/gcc/avr/4.7.2/../../../../avr/lib/avr5\libc.a(strchr.o)
                                 0xa8 (size before relaxing)
 .stab          0x00002958       0x84 c:/program files (x86)/atmel/atmel toolchain/avr8 gcc/native/3.4.2.1002/avr8-gnu-toolchain/bin/../lib/gcc/avr/4.7.2/../../../../avr/lib/avr5\libc.a(strcmp.o)
                                 0x90 (size before relaxing)
 .stab          0x000029dc       0x6c c:/program files (x86)/atmel/atmel toolchain/avr8 gcc/native/3.4.2.1002/avr8-gnu-toolchain/bin/../lib/gcc/avr/4.7.2/../../../../avr/lib/avr5\libc.a(strcpy.o)
                                 0x78 (size before relaxing)
 .stab          0x00002a48       0xc0 c:/program files (x86)/atmel/atmel toolchain/avr8 gcc/native/3.4.2.1002/avr8-gnu-toolchain/bin/../lib/gcc/avr/4.7.2/../../../../avr/lib/avr5\libc.a(strncmp.o)
                                 0xcc (size before relaxing)
 .stab          0x00002b08       0xcc c:/program files (x86)/atmel/atmel toolchain/avr8 gcc/native/3.4.2.1002/avr8-gnu-toolchain/bin/../lib/gcc/avr/4.7.2/../../../../avr/lib/avr5\libc.a(strncpy.o)
                                 0xd8 (size before relaxing)
 .stab          0x00002bd4       0x9c c:/program files (x86)/atmel/atmel toolchain/avr8 gcc/native/3.4.2.1002/avr8-gnu-toolchain/bin/../lib/gcc/avr/4.7.2/../../../../avr/lib/avr5\libc.a(strrchr.o)
                                 0xa8 (size before relaxing)
 .stab          0x00002c70      0x150 c:/program files (x86)/atmel/atmel toolchain/avr8 gcc/native/3.4.2.1002/avr8-gnu-toolchain/bin/../lib/gcc/avr/4.7.2/../../../../avr/lib/avr5\libc.a(strstr.o)
                                0x15c (size before relaxing)
 .stab          0x00002dc0       0x18 c:/program files (x86)/atmel/atmel toolchain/avr8 gcc/native/3.4.2.1002/avr8-gnu-toolchain/bin/../lib/gcc/avr/4.7.2/../../../../avr/lib/avr5\libc.a(itoa.o)
                                0x1bc (size before relaxing)
 .stab          0x00002dd8       0x18 c:/program files (x86)/atmel/atmel toolchain/avr8 gcc/native/3.4.2.1002/avr8-gnu-toolchain/bin/../lib/gcc/avr/4.7.2/../../../../avr/lib/avr5\libc.a(ltoa.o)
                                0x2a0 (size before relaxing)
 .stab          0x00002df0      0x114 c:/program files (x86)/atmel/atmel toolchain/avr8 gcc/native/3.4.2.1002/avr8-gnu-toolchain/bin/../lib/gcc/avr/4.7.2/../../../../avr/lib/avr5\libc.a(mulsi10.o)
                                0x120 (size before relaxing)
 .stab          0x00002f04       0x18 c:/program files (x86)/atmel/atmel toolchain/avr8 gcc/native/3.4.2.1002/avr8-gnu-toolchain/bin/../lib/gcc/avr/4.7.2/../../../../avr/lib/avr5\libc.a(ultoa.o)
                                0x1ec (size before relaxing)
 .stab          0x00002f1c       0x18 c:/program files (x86)/atmel/atmel toolchain/avr8 gcc/native/3.4.2.1002/avr8-gnu-toolchain/bin/../lib/gcc/avr/4.7.2/../../../../avr/lib/avr5\libc.a(utoa.o)
                                0x138 (size before relaxing)
 .stab          0x00002f34       0x18 c:/program files (x86)/atmel/atmel toolchain/avr8 gcc/native/3.4.2.1002/avr8-gnu-toolchain/bin/../lib/gcc/avr/4.7.2/../../../../avr/lib/avr5\libc.a(cty_isfalse.o)
                                 0x6c (size before relaxing)
 .stab          0x00002f4c       0xd8 c:/program files (x86)/atmel/atmel toolchain/avr8 gcc/native/3.4.2.1002/avr8-gnu-toolchain/bin/../lib/gcc/avr/4.7.2/../../../../avr/lib/avr5\libc.a(strrev.o)
                                 0xe4 (size before relaxing)

.stabstr        0x00000000     0x1249
 *(.stabstr)
 .stabstr       0x00000000     0x1249 c:/program files (x86)/atmel/atmel toolchain/avr8 gcc/native/3.4.2.1002/avr8-gnu-toolchain/bin/../lib/gcc/avr/4.7.2/../../../../avr/lib/avr5/crtm328p.o

.stab.excl
 *(.stab.excl)

.stab.exclstr
 *(.stab.exclstr)

.stab.index
 *(.stab.index)

.stab.indexstr
 *(.stab.indexstr)

.comment        0x00000000       0x2f
 *(.comment)
 .comment       0x00000000       0x2f Nordic_BLE/acilib.o
                                 0x30 (size before relaxing)
 .comment       0x00000000       0x30 Nordic_BLE/aci_setup.o
 .comment       0x00000000       0x30 Nordic_BLE/hal_aci_tl.o
 .comment       0x00000000       0x30 Nordic_BLE/lib_aci.o
 .comment       0x00000000       0x30 aurdinoStuff/SPI.o
 .comment       0x00000000       0x30 ble_shield.o
 .comment       0x00000000       0x30 srcAurdino.o

.debug
 *(.debug)

.line
 *(.line)

.debug_srcinfo
 *(.debug_srcinfo)

.debug_sfnames
 *(.debug_sfnames)

.debug_aranges  0x00000000      0x9f0
 *(.debug_aranges)
 .debug_aranges
                0x00000000      0x1a0 Nordic_BLE/acilib.o
 .debug_aranges
                0x000001a0       0x28 Nordic_BLE/aci_setup.o
 .debug_aranges
                0x000001c8       0x90 Nordic_BLE/hal_aci_tl.o
 .debug_aranges
                0x00000258      0x178 Nordic_BLE/lib_aci.o
 .debug_aranges
                0x000003d0       0x40 aurdinoStuff/SPI.o
 .debug_aranges
                0x00000410       0x60 ble_shield.o
 .debug_aranges
                0x00000470       0x28 srcAurdino.o
 .debug_aranges
                0x00000498       0x38 C:\codework\Atmel Studio\arduinoCore\libcore.a(WInterrupts.c.o)
 .debug_aranges
                0x000004d0       0x48 C:\codework\Atmel Studio\arduinoCore\libcore.a(wiring.c.o)
 .debug_aranges
                0x00000518       0x30 C:\codework\Atmel Studio\arduinoCore\libcore.a(wiring_digital.c.o)
 .debug_aranges
                0x00000548       0x98 C:\codework\Atmel Studio\arduinoCore\libcore.a(HardwareSerial.cpp.o)
 .debug_aranges
                0x000005e0       0x20 C:\codework\Atmel Studio\arduinoCore\libcore.a(main.cpp.o)
 .debug_aranges
                0x00000600       0x58 C:\codework\Atmel Studio\arduinoCore\libcore.a(new.cpp.o)
 .debug_aranges
                0x00000658       0xf0 C:\codework\Atmel Studio\arduinoCore\libcore.a(Print.cpp.o)
 .debug_aranges
                0x00000748      0x260 C:\codework\Atmel Studio\arduinoCore\libcore.a(WString.cpp.o)
 .debug_aranges
                0x000009a8       0x28 C:\codework\Atmel Studio\arduinoCore\libcore.a(malloc.c.o)
 .debug_aranges
                0x000009d0       0x20 C:\codework\Atmel Studio\arduinoCore\libcore.a(realloc.c.o)

.debug_pubnames
                0x00000000      0xca9
 *(.debug_pubnames)
 .debug_pubnames
                0x00000000       0x58 C:\codework\Atmel Studio\arduinoCore\libcore.a(WInterrupts.c.o)
 .debug_pubnames
                0x00000058       0x8d C:\codework\Atmel Studio\arduinoCore\libcore.a(wiring.c.o)
 .debug_pubnames
                0x000000e5       0xda C:\codework\Atmel Studio\arduinoCore\libcore.a(wiring_digital.c.o)
 .debug_pubnames
                0x000001bf      0x1b4 C:\codework\Atmel Studio\arduinoCore\libcore.a(HardwareSerial.cpp.o)
 .debug_pubnames
                0x00000373       0x1b C:\codework\Atmel Studio\arduinoCore\libcore.a(main.cpp.o)
 .debug_pubnames
                0x0000038e       0xbf C:\codework\Atmel Studio\arduinoCore\libcore.a(new.cpp.o)
 .debug_pubnames
                0x0000044d      0x200 C:\codework\Atmel Studio\arduinoCore\libcore.a(Print.cpp.o)
 .debug_pubnames
                0x0000064d      0x5bf C:\codework\Atmel Studio\arduinoCore\libcore.a(WString.cpp.o)
 .debug_pubnames
                0x00000c0c       0x7f C:\codework\Atmel Studio\arduinoCore\libcore.a(malloc.c.o)
 .debug_pubnames
                0x00000c8b       0x1e C:\codework\Atmel Studio\arduinoCore\libcore.a(realloc.c.o)

.debug_info     0x00000000     0xf68a
 *(.debug_info)
 .debug_info    0x00000000     0x240e Nordic_BLE/acilib.o
 .debug_info    0x0000240e      0xecd Nordic_BLE/aci_setup.o
 .debug_info    0x000032db      0xe09 Nordic_BLE/hal_aci_tl.o
 .debug_info    0x000040e4     0x2de8 Nordic_BLE/lib_aci.o
 .debug_info    0x00006ecc      0x319 aurdinoStuff/SPI.o
 .debug_info    0x000071e5     0x1952 ble_shield.o
 .debug_info    0x00008b37      0x41c srcAurdino.o
 .debug_info    0x00008f53      0x1fe C:\codework\Atmel Studio\arduinoCore\libcore.a(WInterrupts.c.o)
 .debug_info    0x00009151      0x31c C:\codework\Atmel Studio\arduinoCore\libcore.a(wiring.c.o)
 .debug_info    0x0000946d      0x592 C:\codework\Atmel Studio\arduinoCore\libcore.a(wiring_digital.c.o)
 .debug_info    0x000099ff     0x1920 C:\codework\Atmel Studio\arduinoCore\libcore.a(HardwareSerial.cpp.o)
 .debug_info    0x0000b31f      0x14b C:\codework\Atmel Studio\arduinoCore\libcore.a(main.cpp.o)
 .debug_info    0x0000b46a      0x195 C:\codework\Atmel Studio\arduinoCore\libcore.a(new.cpp.o)
 .debug_info    0x0000b5ff     0x1aed C:\codework\Atmel Studio\arduinoCore\libcore.a(Print.cpp.o)
 .debug_info    0x0000d0ec     0x21e1 C:\codework\Atmel Studio\arduinoCore\libcore.a(WString.cpp.o)
 .debug_info    0x0000f2cd      0x229 C:\codework\Atmel Studio\arduinoCore\libcore.a(malloc.c.o)
 .debug_info    0x0000f4f6      0x194 C:\codework\Atmel Studio\arduinoCore\libcore.a(realloc.c.o)
 *(.gnu.linkonce.wi.*)

.debug_abbrev   0x00000000     0x25bd
 *(.debug_abbrev)
 .debug_abbrev  0x00000000      0x27e Nordic_BLE/acilib.o
 .debug_abbrev  0x0000027e      0x273 Nordic_BLE/aci_setup.o
 .debug_abbrev  0x000004f1      0x3fb Nordic_BLE/hal_aci_tl.o
 .debug_abbrev  0x000008ec      0x3b8 Nordic_BLE/lib_aci.o
 .debug_abbrev  0x00000ca4      0x162 aurdinoStuff/SPI.o
 .debug_abbrev  0x00000e06      0x3f3 ble_shield.o
 .debug_abbrev  0x000011f9      0x1d9 srcAurdino.o
 .debug_abbrev  0x000013d2       0xe7 C:\codework\Atmel Studio\arduinoCore\libcore.a(WInterrupts.c.o)
 .debug_abbrev  0x000014b9      0x17d C:\codework\Atmel Studio\arduinoCore\libcore.a(wiring.c.o)
 .debug_abbrev  0x00001636      0x177 C:\codework\Atmel Studio\arduinoCore\libcore.a(wiring_digital.c.o)
 .debug_abbrev  0x000017ad      0x450 C:\codework\Atmel Studio\arduinoCore\libcore.a(HardwareSerial.cpp.o)
 .debug_abbrev  0x00001bfd       0x7a C:\codework\Atmel Studio\arduinoCore\libcore.a(main.cpp.o)
 .debug_abbrev  0x00001c77       0xf7 C:\codework\Atmel Studio\arduinoCore\libcore.a(new.cpp.o)
 .debug_abbrev  0x00001d6e      0x336 C:\codework\Atmel Studio\arduinoCore\libcore.a(Print.cpp.o)
 .debug_abbrev  0x000020a4      0x343 C:\codework\Atmel Studio\arduinoCore\libcore.a(WString.cpp.o)
 .debug_abbrev  0x000023e7      0x10d C:\codework\Atmel Studio\arduinoCore\libcore.a(malloc.c.o)
 .debug_abbrev  0x000024f4       0xc9 C:\codework\Atmel Studio\arduinoCore\libcore.a(realloc.c.o)

.debug_line     0x00000000     0x4f14
 *(.debug_line)
 .debug_line    0x00000000      0x5e5 Nordic_BLE/acilib.o
 .debug_line    0x000005e5      0x33c Nordic_BLE/aci_setup.o
 .debug_line    0x00000921      0x432 Nordic_BLE/hal_aci_tl.o
 .debug_line    0x00000d53      0x652 Nordic_BLE/lib_aci.o
 .debug_line    0x000013a5      0x1fb aurdinoStuff/SPI.o
 .debug_line    0x000015a0      0x3e0 ble_shield.o
 .debug_line    0x00001980      0x253 srcAurdino.o
 .debug_line    0x00001bd3      0x26e C:\codework\Atmel Studio\arduinoCore\libcore.a(WInterrupts.c.o)
 .debug_line    0x00001e41      0x3b7 C:\codework\Atmel Studio\arduinoCore\libcore.a(wiring.c.o)
 .debug_line    0x000021f8      0x32b C:\codework\Atmel Studio\arduinoCore\libcore.a(wiring_digital.c.o)
 .debug_line    0x00002523      0x7a1 C:\codework\Atmel Studio\arduinoCore\libcore.a(HardwareSerial.cpp.o)
 .debug_line    0x00002cc4      0x171 C:\codework\Atmel Studio\arduinoCore\libcore.a(main.cpp.o)
 .debug_line    0x00002e35      0x220 C:\codework\Atmel Studio\arduinoCore\libcore.a(new.cpp.o)
 .debug_line    0x00003055      0x790 C:\codework\Atmel Studio\arduinoCore\libcore.a(Print.cpp.o)
 .debug_line    0x000037e5     0x1152 C:\codework\Atmel Studio\arduinoCore\libcore.a(WString.cpp.o)
 .debug_line    0x00004937      0x348 C:\codework\Atmel Studio\arduinoCore\libcore.a(malloc.c.o)
 .debug_line    0x00004c7f      0x295 C:\codework\Atmel Studio\arduinoCore\libcore.a(realloc.c.o)

.debug_frame    0x00000000     0x1498
 *(.debug_frame)
 .debug_frame   0x00000000      0x354 Nordic_BLE/acilib.o
 .debug_frame   0x00000354       0x9c Nordic_BLE/aci_setup.o
 .debug_frame   0x000003f0      0x184 Nordic_BLE/hal_aci_tl.o
 .debug_frame   0x00000574      0x434 Nordic_BLE/lib_aci.o
 .debug_frame   0x000009a8       0x64 aurdinoStuff/SPI.o
 .debug_frame   0x00000a0c       0xe0 ble_shield.o
 .debug_frame   0x00000aec       0x3c srcAurdino.o
 .debug_frame   0x00000b28       0x50 C:\codework\Atmel Studio\arduinoCore\libcore.a(WInterrupts.c.o)
 .debug_frame   0x00000b78       0x70 C:\codework\Atmel Studio\arduinoCore\libcore.a(wiring.c.o)
 .debug_frame   0x00000be8       0x40 C:\codework\Atmel Studio\arduinoCore\libcore.a(wiring_digital.c.o)
 .debug_frame   0x00000c28      0x110 C:\codework\Atmel Studio\arduinoCore\libcore.a(HardwareSerial.cpp.o)
 .debug_frame   0x00000d38       0x20 C:\codework\Atmel Studio\arduinoCore\libcore.a(main.cpp.o)
 .debug_frame   0x00000d58       0x90 C:\codework\Atmel Studio\arduinoCore\libcore.a(new.cpp.o)
 .debug_frame   0x00000de8      0x1c0 C:\codework\Atmel Studio\arduinoCore\libcore.a(Print.cpp.o)
 .debug_frame   0x00000fa8      0x4a0 C:\codework\Atmel Studio\arduinoCore\libcore.a(WString.cpp.o)
 .debug_frame   0x00001448       0x30 C:\codework\Atmel Studio\arduinoCore\libcore.a(malloc.c.o)
 .debug_frame   0x00001478       0x20 C:\codework\Atmel Studio\arduinoCore\libcore.a(realloc.c.o)

.debug_str      0x00000000     0x5535
 *(.debug_str)
 .debug_str     0x00000000     0x26dc Nordic_BLE/acilib.o
                               0x333f (size before relaxing)
 .debug_str     0x000026dc      0x3cb Nordic_BLE/aci_setup.o
                               0x14df (size before relaxing)
 .debug_str     0x00002aa7      0x522 Nordic_BLE/hal_aci_tl.o
                                0x7a2 (size before relaxing)
 .debug_str     0x00002fc9      0xcf2 Nordic_BLE/lib_aci.o
                               0x3497 (size before relaxing)
 .debug_str     0x00003cbb       0x52 aurdinoStuff/SPI.o
                                0x284 (size before relaxing)
 .debug_str     0x00003d0d      0x1c1 ble_shield.o
                               0x1b3f (size before relaxing)
 .debug_str     0x00003ece       0x43 srcAurdino.o
                                0x29d (size before relaxing)
 .debug_str     0x00003f11       0x98 C:\codework\Atmel Studio\arduinoCore\libcore.a(WInterrupts.c.o)
                                0x147 (size before relaxing)
 .debug_str     0x00003fa9       0xa5 C:\codework\Atmel Studio\arduinoCore\libcore.a(wiring.c.o)
                                0x15c (size before relaxing)
 .debug_str     0x0000404e       0xe8 C:\codework\Atmel Studio\arduinoCore\libcore.a(wiring_digital.c.o)
                                0x1c7 (size before relaxing)
 .debug_str     0x00004136      0xca9 C:\codework\Atmel Studio\arduinoCore\libcore.a(HardwareSerial.cpp.o)
                                0xe4d (size before relaxing)
 .debug_str     0x00004ddf       0x4c C:\codework\Atmel Studio\arduinoCore\libcore.a(main.cpp.o)
                                 0xef (size before relaxing)
 .debug_str     0x00004e2b       0xf5 C:\codework\Atmel Studio\arduinoCore\libcore.a(new.cpp.o)
                                0x133 (size before relaxing)
 .debug_str     0x00004f20      0x2fc C:\codework\Atmel Studio\arduinoCore\libcore.a(Print.cpp.o)
                                0xc13 (size before relaxing)
 .debug_str     0x0000521c      0x1d1 C:\codework\Atmel Studio\arduinoCore\libcore.a(WString.cpp.o)
                                0x9af (size before relaxing)
 .debug_str     0x000053ed       0xe0 C:\codework\Atmel Studio\arduinoCore\libcore.a(malloc.c.o)
                                0x15f (size before relaxing)
 .debug_str     0x000054cd       0x68 C:\codework\Atmel Studio\arduinoCore\libcore.a(realloc.c.o)
                                0x123 (size before relaxing)

.debug_loc      0x00000000     0x712e
 *(.debug_loc)
 .debug_loc     0x00000000     0x16ec Nordic_BLE/acilib.o
 .debug_loc     0x000016ec      0x26c Nordic_BLE/aci_setup.o
 .debug_loc     0x00001958      0x60e Nordic_BLE/hal_aci_tl.o
 .debug_loc     0x00001f66     0x143a Nordic_BLE/lib_aci.o
 .debug_loc     0x000033a0       0x7c aurdinoStuff/SPI.o
 .debug_loc     0x0000341c      0x1d6 ble_shield.o
 .debug_loc     0x000035f2       0x40 srcAurdino.o
 .debug_loc     0x00003632       0x29 C:\codework\Atmel Studio\arduinoCore\libcore.a(WInterrupts.c.o)
 .debug_loc     0x0000365b      0x16d C:\codework\Atmel Studio\arduinoCore\libcore.a(wiring.c.o)
 .debug_loc     0x000037c8      0x15e C:\codework\Atmel Studio\arduinoCore\libcore.a(wiring_digital.c.o)
 .debug_loc     0x00003926      0x473 C:\codework\Atmel Studio\arduinoCore\libcore.a(HardwareSerial.cpp.o)
 .debug_loc     0x00003d99       0xb0 C:\codework\Atmel Studio\arduinoCore\libcore.a(new.cpp.o)
 .debug_loc     0x00003e49      0xdb8 C:\codework\Atmel Studio\arduinoCore\libcore.a(Print.cpp.o)
 .debug_loc     0x00004c01     0x1f05 C:\codework\Atmel Studio\arduinoCore\libcore.a(WString.cpp.o)
 .debug_loc     0x00006b06      0x358 C:\codework\Atmel Studio\arduinoCore\libcore.a(malloc.c.o)
 .debug_loc     0x00006e5e      0x2d0 C:\codework\Atmel Studio\arduinoCore\libcore.a(realloc.c.o)

.debug_macinfo
 *(.debug_macinfo)

.debug_pubtypes
 *(.debug_pubtypes)

.debug_ranges   0x00000000      0x9e8
 *(.debug_ranges)
 .debug_ranges  0x00000000      0x190 Nordic_BLE/acilib.o
 .debug_ranges  0x00000190       0x18 Nordic_BLE/aci_setup.o
 .debug_ranges  0x000001a8       0x80 Nordic_BLE/hal_aci_tl.o
 .debug_ranges  0x00000228      0x1d8 Nordic_BLE/lib_aci.o
 .debug_ranges  0x00000400       0x30 aurdinoStuff/SPI.o
 .debug_ranges  0x00000430       0x80 ble_shield.o
 .debug_ranges  0x000004b0       0x18 srcAurdino.o
 .debug_ranges  0x000004c8       0x30 C:\codework\Atmel Studio\arduinoCore\libcore.a(WInterrupts.c.o)
 .debug_ranges  0x000004f8       0x40 C:\codework\Atmel Studio\arduinoCore\libcore.a(wiring.c.o)
 .debug_ranges  0x00000538       0x28 C:\codework\Atmel Studio\arduinoCore\libcore.a(wiring_digital.c.o)
 .debug_ranges  0x00000560       0x90 C:\codework\Atmel Studio\arduinoCore\libcore.a(HardwareSerial.cpp.o)
 .debug_ranges  0x000005f0       0x18 C:\codework\Atmel Studio\arduinoCore\libcore.a(main.cpp.o)
 .debug_ranges  0x00000608       0x50 C:\codework\Atmel Studio\arduinoCore\libcore.a(new.cpp.o)
 .debug_ranges  0x00000658       0xe8 C:\codework\Atmel Studio\arduinoCore\libcore.a(Print.cpp.o)
 .debug_ranges  0x00000740      0x270 C:\codework\Atmel Studio\arduinoCore\libcore.a(WString.cpp.o)
 .debug_ranges  0x000009b0       0x20 C:\codework\Atmel Studio\arduinoCore\libcore.a(malloc.c.o)
 .debug_ranges  0x000009d0       0x18 C:\codework\Atmel Studio\arduinoCore\libcore.a(realloc.c.o)

.debug_macro
 *(.debug_macro)
OUTPUT(BlueBlink.elf elf32-avr)
LOAD linker stubs
